// Jest Snapshot v1, https://goo.gl/fbAQLP

exports[`test counter example 1`] = `
"<div class=\\"var-counter-example\\">
  <div class=\\"app-type\\">基本使用</div>
  <div class=\\"var-counter var--box\\">
    <div class=\\"var-counter__controller var-elevation--2\\"><i class=\\"var-icon var-counter__decrement-button var-icon--set var-icon-minus\\" style=\\"transition: transform 0ms;\\" var-counter-cover=\\"\\"></i> <input inputmode=\\"numeric\\" class=\\"var-counter__input\\"> <i class=\\"var-icon var-counter__increment-button var-icon--set var-icon-plus\\" style=\\"transition: transform 0ms;\\" var-counter-cover=\\"\\"></i></div>
    <transition-stub name=\\"var-form-details\\">
      <!---->
    </transition-stub>
  </div>
  <div class=\\"app-type\\">设置取值范围</div>
  <div class=\\"var-counter var--box\\">
    <div class=\\"var-counter__controller var-elevation--2\\"><i class=\\"var-icon var-counter__decrement-button var-icon--set var-icon-minus\\" style=\\"transition: transform 0ms;\\" var-counter-cover=\\"\\"></i> <input inputmode=\\"numeric\\" class=\\"var-counter__input\\"> <i class=\\"var-icon var-counter__increment-button var-icon--set var-icon-plus\\" style=\\"transition: transform 0ms;\\" var-counter-cover=\\"\\"></i></div>
    <transition-stub name=\\"var-form-details\\">
      <!---->
    </transition-stub>
  </div>
  <div class=\\"app-type\\">设置步长</div>
  <div class=\\"var-counter var--box\\">
    <div class=\\"var-counter__controller var-elevation--2\\"><i class=\\"var-icon var-counter__decrement-button var-icon--set var-icon-minus\\" style=\\"transition: transform 0ms;\\" var-counter-cover=\\"\\"></i> <input inputmode=\\"numeric\\" class=\\"var-counter__input\\"> <i class=\\"var-icon var-counter__increment-button var-icon--set var-icon-plus\\" style=\\"transition: transform 0ms;\\" var-counter-cover=\\"\\"></i></div>
    <transition-stub name=\\"var-form-details\\">
      <!---->
    </transition-stub>
  </div>
  <div class=\\"app-type\\">保留小数</div>
  <div class=\\"var-counter var--box\\">
    <div class=\\"var-counter__controller var-elevation--2\\"><i class=\\"var-icon var-counter__decrement-button var-icon--set var-icon-minus\\" style=\\"transition: transform 0ms;\\" var-counter-cover=\\"\\"></i> <input inputmode=\\"decimal\\" class=\\"var-counter__input\\"> <i class=\\"var-icon var-counter__increment-button var-icon--set var-icon-plus\\" style=\\"transition: transform 0ms;\\" var-counter-cover=\\"\\"></i></div>
    <transition-stub name=\\"var-form-details\\">
      <!---->
    </transition-stub>
  </div>
  <div class=\\"app-type\\">设置尺寸</div>
  <div class=\\"var-counter var--box\\">
    <div class=\\"var-counter__controller var-elevation--2\\"><i class=\\"var-icon var-counter__decrement-button var-icon--set var-icon-minus\\" style=\\"transition: transform 0ms; width: 36px; height: 36px;\\" var-counter-cover=\\"\\"></i> <input inputmode=\\"numeric\\" class=\\"var-counter__input\\" style=\\"width: 50px; font-size: 18px;\\"> <i class=\\"var-icon var-counter__increment-button var-icon--set var-icon-plus\\" style=\\"transition: transform 0ms; width: 36px; height: 36px;\\" var-counter-cover=\\"\\"></i></div>
    <transition-stub name=\\"var-form-details\\">
      <!---->
    </transition-stub>
  </div>
  <div class=\\"app-type\\">禁用</div>
  <div class=\\"var-counter var--box\\">
    <div class=\\"var-counter__controller var-elevation--2 var-counter--disabled\\"><i class=\\"var-icon var-counter__decrement-button var-icon--set var-icon-minus\\" style=\\"transition: transform 0ms;\\" var-counter-cover=\\"\\"></i> <input inputmode=\\"numeric\\" disabled=\\"disabled\\" class=\\"var-counter__input\\"> <i class=\\"var-icon var-counter__increment-button var-icon--set var-icon-plus\\" style=\\"transition: transform 0ms;\\" var-counter-cover=\\"\\"></i></div>
    <transition-stub name=\\"var-form-details\\">
      <!---->
    </transition-stub>
  </div>
  <div class=\\"app-type\\">只读</div>
  <div class=\\"var-counter var--box\\">
    <div class=\\"var-counter__controller var-elevation--2\\"><i class=\\"var-icon var-counter__decrement-button var-icon--set var-icon-minus\\" style=\\"transition: transform 0ms;\\" var-counter-cover=\\"\\"></i> <input inputmode=\\"numeric\\" readonly=\\"readonly\\" class=\\"var-counter__input\\"> <i class=\\"var-icon var-counter__increment-button var-icon--set var-icon-plus\\" style=\\"transition: transform 0ms;\\" var-counter-cover=\\"\\"></i></div>
    <transition-stub name=\\"var-form-details\\">
      <!---->
    </transition-stub>
  </div>
  <div class=\\"app-type\\">异步变更</div>
  <div class=\\"var-counter var--box\\">
    <div class=\\"var-counter__controller var-elevation--2\\"><i class=\\"var-icon var-counter__decrement-button var-icon--set var-icon-minus\\" style=\\"transition: transform 0ms;\\" var-counter-cover=\\"\\"></i> <input inputmode=\\"numeric\\" class=\\"var-counter__input\\"> <i class=\\"var-icon var-counter__increment-button var-icon--set var-icon-plus\\" style=\\"transition: transform 0ms;\\" var-counter-cover=\\"\\"></i></div>
    <transition-stub name=\\"var-form-details\\">
      <!---->
    </transition-stub>
  </div>
  <div class=\\"app-type\\">字段校验</div>
  <div class=\\"var-counter var--box\\">
    <div class=\\"var-counter__controller var-elevation--2\\"><i class=\\"var-icon var-counter__decrement-button var-icon--set var-icon-minus\\" style=\\"transition: transform 0ms;\\" var-counter-cover=\\"\\"></i> <input inputmode=\\"numeric\\" class=\\"var-counter__input\\"> <i class=\\"var-icon var-counter__increment-button var-icon--set var-icon-plus\\" style=\\"transition: transform 0ms;\\" var-counter-cover=\\"\\"></i></div>
    <transition-stub name=\\"var-form-details\\">
      <!---->
    </transition-stub>
  </div>
  <div class=\\"space\\"></div>
</div>"
`;

exports[`test counter validation 1`] = `
"<div class=\\"var-counter var--box\\">
  <div class=\\"var-counter__controller var-elevation--2 var-counter--error\\"><i class=\\"var-icon var-counter__decrement-button var-icon--set var-icon-minus\\" style=\\"transition: transform 0ms;\\" var-counter-cover=\\"\\"></i> <input inputmode=\\"numeric\\" class=\\"var-counter__input\\"> <i class=\\"var-icon var-counter__increment-button var-icon--set var-icon-plus\\" style=\\"transition: transform 0ms;\\" var-counter-cover=\\"\\"></i></div>
  <transition-stub name=\\"var-form-details\\">
    <div class=\\"var-form-details\\">
      <div class=\\"var-form-details__message\\">必须大于0</div>
      <div class=\\"var-form-details__length\\"></div>
    </div>
  </transition-stub>
</div>"
`;
