// Jest Snapshot v1, https://goo.gl/fbAQLP

exports[`test image preview extra slot 1`] = `
"<transition-stub name=\\"var-fade\\" class=\\"var-image-preview__popup\\">
  <div class=\\"var--box var-popup\\" style=\\"z-index: 2010;\\">
    <transition-stub name=\\"var-fade\\">
      <div var-image-preview-cover=\\"\\" class=\\"var-popup__content var-elevation--3 var-popup--center\\" style=\\"z-index: 2012;\\">
        <div class=\\"var-swipe var-image-preview__swipe\\" var-image-preview-cover=\\"\\">
          <div class=\\"var-swipe__track\\" style=\\"width: 0px; transform: translateX(0px); transition-duration: 300ms;\\">
            <div class=\\"var-swipe-item var-image-preview__swipe-item\\" style=\\"width: 0px; transform: translateX(0px);\\" var-image-preview-cover=\\"\\">
              <div class=\\"var-image-preview__zoom-container\\" style=\\"transform: scale(1) translate(0px, 0px);\\"><img src=\\"https://varlet-vue2.vercel.app/cat.jpg\\" alt=\\"https://varlet-vue2.vercel.app/cat.jpg\\" class=\\"var-image-preview__image\\"></div>
            </div>
          </div>
          <!---->
        </div>
        <!---->
        <div class=\\"var-image-preview__extra\\">
          <div>extra</div>
        </div>
      </div>
    </transition-stub>
  </div>
</transition-stub>"
`;
