// Jest Snapshot v1, https://goo.gl/fbAQLP

exports[`test ripple example 1`] = `
"<div class=\\"var-ripple-example\\">
  <div class=\\"app-type\\">基本使用</div>
  <div class=\\"block var-elevation--2\\">点击</div>
  <div class=\\"app-type\\">自定义颜色</div>
  <div class=\\"block var-elevation--2\\">点击</div>
  <div class=\\"app-type\\">禁用状态</div>
  <div class=\\"block var-elevation--2\\">点击</div>
</div>"
`;
