// Jest Snapshot v1, https://goo.gl/fbAQLP

exports[`test app bar example 1`] = `
"<div class=\\"var-appBar-example\\">
  <div class=\\"app-type\\">基础导航栏</div>
  <div class=\\"var-app-bar var-elevation--3\\">
    <div class=\\"var-app-bar__left\\">
      <div class=\\"var-app-bar__title\\" style=\\"padding-left: 0px;\\">标题</div>
    </div>
    <!---->
    <div class=\\"var-app-bar__right\\">
      <!---->
    </div>
  </div>
  <div class=\\"app-type\\">自定义样式</div>
  <div class=\\"var-app-bar var-elevation--3\\" style=\\"background: rgb(0, 196, 143);\\">
    <div class=\\"var-app-bar__left\\">
      <!---->
    </div>
    <div class=\\"var-app-bar__title\\">标题</div>
    <div class=\\"var-app-bar__right\\">
      <!---->
    </div>
  </div>
  <div class=\\"app-type\\">添加标题处插槽</div>
  <div class=\\"var-app-bar var-elevation--3\\">
    <div class=\\"var-app-bar__left\\">
      <div class=\\"var-app-bar__title\\" style=\\"padding-left: 0px;\\">从插槽处添加标题</div>
    </div>
    <!---->
    <div class=\\"var-app-bar__right\\">
      <!---->
    </div>
  </div>
  <div class=\\"app-type\\">添加左侧插槽</div>
  <div class=\\"var-app-bar var-elevation--3\\">
    <div class=\\"var-app-bar__left\\"><button class=\\"var-button var--box var-button--normal var--inline-flex var-button--text-default var-button--text var-button--round\\" style=\\"color: rgb(255, 255, 255); background: transparent;\\">
        <!---->
        <div class=\\"var-button__content\\"><i class=\\"var-icon var-icon--set var-icon-chevron-left\\" style=\\"transition: transform 0ms; font-size: 24px;\\"></i></div>
      </button>
      <!---->
    </div>
    <div class=\\"var-app-bar__title\\">标题</div>
    <div class=\\"var-app-bar__right\\">
      <!---->
    </div>
  </div>
  <div class=\\"app-type\\">添加右侧插槽</div>
  <div class=\\"var-app-bar var-elevation--3\\">
    <div class=\\"var-app-bar__left\\">
      <div class=\\"var-app-bar__title\\" style=\\"padding-left: 0px;\\">标题</div>
    </div>
    <!---->
    <div class=\\"var-app-bar__right\\">
      <!----> <button class=\\"var-button var--box var-button--normal var--inline-flex var-button--text-default var-button--text var-button--round\\" style=\\"color: rgb(255, 255, 255); background: transparent;\\">
        <!---->
        <div class=\\"var-button__content\\"><i class=\\"var-icon var-icon--set var-icon-magnify\\" style=\\"transition: transform 0ms; font-size: 24px;\\"></i></div>
      </button></div>
  </div>
  <div class=\\"app-type\\">添加左右插槽</div>
  <div class=\\"var-app-bar var-elevation--3\\">
    <div class=\\"var-app-bar__left\\"><button class=\\"var-button var--box var-button--normal var--inline-flex var-button--text-default var-button--text var-button--round\\" style=\\"color: rgb(255, 255, 255); background: transparent;\\">
        <!---->
        <div class=\\"var-button__content\\"><i class=\\"var-icon var-icon--set var-icon-chevron-left\\" style=\\"transition: transform 0ms; font-size: 24px;\\"></i></div>
      </button>
      <div class=\\"var-app-bar__title\\" style=\\"padding-left: 0px;\\">标题</div>
    </div>
    <!---->
    <div class=\\"var-app-bar__right\\">
      <!---->
      <div class=\\"var-menu\\"><button class=\\"var-button var--box var-button--normal var--inline-flex var-button--text-default var-button--text var-button--round\\" style=\\"color: rgb(255, 255, 255); background: transparent;\\">
          <!---->
          <div class=\\"var-button__content\\"><i class=\\"var-icon var-icon--set var-icon-menu\\" style=\\"transition: transform 0ms; font-size: 24px;\\"></i></div>
        </button>
        <div class=\\"var-teleport\\"></div>
      </div>
    </div>
  </div>
  <div class=\\"space\\"></div>
</div>"
`;

exports[`test app bar props 1`] = `
"<div class=\\"var-app-bar\\" style=\\"background: rgb(163, 185, 219); color: rgb(0, 0, 0);\\">
  <div class=\\"var-app-bar__left\\">leftSlot
    <!---->
  </div>
  <div class=\\"var-app-bar__title\\">test title</div>
  <div class=\\"var-app-bar__right\\">
    <!----> rightSlot</div>
</div>"
`;
