// Jest Snapshot v1, https://goo.gl/fbAQLP

exports[`test backTop example 1`] = `
"<div class=\\"var-backTop-example\\">
  <div class=\\"var-cell\\">
    <!---->
    <div class=\\"var-cell__content\\">
      <div class=\\"var-cell__title\\">Scroll to bottom 0</div>
      <!---->
    </div>
    <!---->
  </div>
  <div class=\\"var-cell\\">
    <!---->
    <div class=\\"var-cell__content\\">
      <div class=\\"var-cell__title\\">Scroll to bottom 1</div>
      <!---->
    </div>
    <!---->
  </div>
  <div class=\\"var-cell\\">
    <!---->
    <div class=\\"var-cell__content\\">
      <div class=\\"var-cell__title\\">Scroll to bottom 2</div>
      <!---->
    </div>
    <!---->
  </div>
  <div class=\\"var-cell\\">
    <!---->
    <div class=\\"var-cell__content\\">
      <div class=\\"var-cell__title\\">Scroll to bottom 3</div>
      <!---->
    </div>
    <!---->
  </div>
  <div class=\\"var-cell\\">
    <!---->
    <div class=\\"var-cell__content\\">
      <div class=\\"var-cell__title\\">Scroll to bottom 4</div>
      <!---->
    </div>
    <!---->
  </div>
  <div class=\\"var-cell\\">
    <!---->
    <div class=\\"var-cell__content\\">
      <div class=\\"var-cell__title\\">Scroll to bottom 5</div>
      <!---->
    </div>
    <!---->
  </div>
  <div class=\\"var-cell\\">
    <!---->
    <div class=\\"var-cell__content\\">
      <div class=\\"var-cell__title\\">Scroll to bottom 6</div>
      <!---->
    </div>
    <!---->
  </div>
  <div class=\\"var-cell\\">
    <!---->
    <div class=\\"var-cell__content\\">
      <div class=\\"var-cell__title\\">Scroll to bottom 7</div>
      <!---->
    </div>
    <!---->
  </div>
  <div class=\\"var-cell\\">
    <!---->
    <div class=\\"var-cell__content\\">
      <div class=\\"var-cell__title\\">Scroll to bottom 8</div>
      <!---->
    </div>
    <!---->
  </div>
  <div class=\\"var-cell\\">
    <!---->
    <div class=\\"var-cell__content\\">
      <div class=\\"var-cell__title\\">Scroll to bottom 9</div>
      <!---->
    </div>
    <!---->
  </div>
  <div class=\\"var-cell\\">
    <!---->
    <div class=\\"var-cell__content\\">
      <div class=\\"var-cell__title\\">Scroll to bottom 10</div>
      <!---->
    </div>
    <!---->
  </div>
  <div class=\\"var-cell\\">
    <!---->
    <div class=\\"var-cell__content\\">
      <div class=\\"var-cell__title\\">Scroll to bottom 11</div>
      <!---->
    </div>
    <!---->
  </div>
  <div class=\\"var-cell\\">
    <!---->
    <div class=\\"var-cell__content\\">
      <div class=\\"var-cell__title\\">Scroll to bottom 12</div>
      <!---->
    </div>
    <!---->
  </div>
  <div class=\\"var-cell\\">
    <!---->
    <div class=\\"var-cell__content\\">
      <div class=\\"var-cell__title\\">Scroll to bottom 13</div>
      <!---->
    </div>
    <!---->
  </div>
  <div class=\\"var-cell\\">
    <!---->
    <div class=\\"var-cell__content\\">
      <div class=\\"var-cell__title\\">Scroll to bottom 14</div>
      <!---->
    </div>
    <!---->
  </div>
  <div class=\\"var-cell\\">
    <!---->
    <div class=\\"var-cell__content\\">
      <div class=\\"var-cell__title\\">Scroll to bottom 15</div>
      <!---->
    </div>
    <!---->
  </div>
  <div class=\\"var-cell\\">
    <!---->
    <div class=\\"var-cell__content\\">
      <div class=\\"var-cell__title\\">Scroll to bottom 16</div>
      <!---->
    </div>
    <!---->
  </div>
  <div class=\\"var-cell\\">
    <!---->
    <div class=\\"var-cell__content\\">
      <div class=\\"var-cell__title\\">Scroll to bottom 17</div>
      <!---->
    </div>
    <!---->
  </div>
  <div class=\\"var-cell\\">
    <!---->
    <div class=\\"var-cell__content\\">
      <div class=\\"var-cell__title\\">Scroll to bottom 18</div>
      <!---->
    </div>
    <!---->
  </div>
  <div class=\\"var-cell\\">
    <!---->
    <div class=\\"var-cell__content\\">
      <div class=\\"var-cell__title\\">Scroll to bottom 19</div>
      <!---->
    </div>
    <!---->
  </div>
  <div class=\\"var-cell\\">
    <!---->
    <div class=\\"var-cell__content\\">
      <div class=\\"var-cell__title\\">Scroll to bottom 20</div>
      <!---->
    </div>
    <!---->
  </div>
  <div class=\\"var-cell\\">
    <!---->
    <div class=\\"var-cell__content\\">
      <div class=\\"var-cell__title\\">Scroll to bottom 21</div>
      <!---->
    </div>
    <!---->
  </div>
  <div class=\\"var-cell\\">
    <!---->
    <div class=\\"var-cell__content\\">
      <div class=\\"var-cell__title\\">Scroll to bottom 22</div>
      <!---->
    </div>
    <!---->
  </div>
  <div class=\\"var-cell\\">
    <!---->
    <div class=\\"var-cell__content\\">
      <div class=\\"var-cell__title\\">Scroll to bottom 23</div>
      <!---->
    </div>
    <!---->
  </div>
  <div class=\\"var-cell\\">
    <!---->
    <div class=\\"var-cell__content\\">
      <div class=\\"var-cell__title\\">Scroll to bottom 24</div>
      <!---->
    </div>
    <!---->
  </div>
  <div class=\\"var-cell\\">
    <!---->
    <div class=\\"var-cell__content\\">
      <div class=\\"var-cell__title\\">Scroll to bottom 25</div>
      <!---->
    </div>
    <!---->
  </div>
  <div class=\\"var-cell\\">
    <!---->
    <div class=\\"var-cell__content\\">
      <div class=\\"var-cell__title\\">Scroll to bottom 26</div>
      <!---->
    </div>
    <!---->
  </div>
  <div class=\\"var-cell\\">
    <!---->
    <div class=\\"var-cell__content\\">
      <div class=\\"var-cell__title\\">Scroll to bottom 27</div>
      <!---->
    </div>
    <!---->
  </div>
  <div class=\\"var-cell\\">
    <!---->
    <div class=\\"var-cell__content\\">
      <div class=\\"var-cell__title\\">Scroll to bottom 28</div>
      <!---->
    </div>
    <!---->
  </div>
  <div class=\\"var-cell\\">
    <!---->
    <div class=\\"var-cell__content\\">
      <div class=\\"var-cell__title\\">Scroll to bottom 29</div>
      <!---->
    </div>
    <!---->
  </div>
  <div class=\\"var-cell\\">
    <!---->
    <div class=\\"var-cell__content\\">
      <div class=\\"var-cell__title\\">Scroll to bottom 30</div>
      <!---->
    </div>
    <!---->
  </div>
  <div class=\\"var-cell\\">
    <!---->
    <div class=\\"var-cell__content\\">
      <div class=\\"var-cell__title\\">Scroll to bottom 31</div>
      <!---->
    </div>
    <!---->
  </div>
  <div class=\\"var-cell\\">
    <!---->
    <div class=\\"var-cell__content\\">
      <div class=\\"var-cell__title\\">Scroll to bottom 32</div>
      <!---->
    </div>
    <!---->
  </div>
  <div class=\\"var-cell\\">
    <!---->
    <div class=\\"var-cell__content\\">
      <div class=\\"var-cell__title\\">Scroll to bottom 33</div>
      <!---->
    </div>
    <!---->
  </div>
  <div class=\\"var-cell\\">
    <!---->
    <div class=\\"var-cell__content\\">
      <div class=\\"var-cell__title\\">Scroll to bottom 34</div>
      <!---->
    </div>
    <!---->
  </div>
  <div class=\\"var-cell\\">
    <!---->
    <div class=\\"var-cell__content\\">
      <div class=\\"var-cell__title\\">Scroll to bottom 35</div>
      <!---->
    </div>
    <!---->
  </div>
  <div class=\\"var-cell\\">
    <!---->
    <div class=\\"var-cell__content\\">
      <div class=\\"var-cell__title\\">Scroll to bottom 36</div>
      <!---->
    </div>
    <!---->
  </div>
  <div class=\\"var-cell\\">
    <!---->
    <div class=\\"var-cell__content\\">
      <div class=\\"var-cell__title\\">Scroll to bottom 37</div>
      <!---->
    </div>
    <!---->
  </div>
  <div class=\\"var-cell\\">
    <!---->
    <div class=\\"var-cell__content\\">
      <div class=\\"var-cell__title\\">Scroll to bottom 38</div>
      <!---->
    </div>
    <!---->
  </div>
  <div class=\\"var-cell\\">
    <!---->
    <div class=\\"var-cell__content\\">
      <div class=\\"var-cell__title\\">Scroll to bottom 39</div>
      <!---->
    </div>
    <!---->
  </div>
  <div class=\\"var-cell\\">
    <!---->
    <div class=\\"var-cell__content\\">
      <div class=\\"var-cell__title\\">Scroll to bottom 40</div>
      <!---->
    </div>
    <!---->
  </div>
  <div class=\\"var-cell\\">
    <!---->
    <div class=\\"var-cell__content\\">
      <div class=\\"var-cell__title\\">Scroll to bottom 41</div>
      <!---->
    </div>
    <!---->
  </div>
  <div class=\\"var-cell\\">
    <!---->
    <div class=\\"var-cell__content\\">
      <div class=\\"var-cell__title\\">Scroll to bottom 42</div>
      <!---->
    </div>
    <!---->
  </div>
  <div class=\\"var-cell\\">
    <!---->
    <div class=\\"var-cell__content\\">
      <div class=\\"var-cell__title\\">Scroll to bottom 43</div>
      <!---->
    </div>
    <!---->
  </div>
  <div class=\\"var-cell\\">
    <!---->
    <div class=\\"var-cell__content\\">
      <div class=\\"var-cell__title\\">Scroll to bottom 44</div>
      <!---->
    </div>
    <!---->
  </div>
  <div class=\\"var-cell\\">
    <!---->
    <div class=\\"var-cell__content\\">
      <div class=\\"var-cell__title\\">Scroll to bottom 45</div>
      <!---->
    </div>
    <!---->
  </div>
  <div class=\\"var-cell\\">
    <!---->
    <div class=\\"var-cell__content\\">
      <div class=\\"var-cell__title\\">Scroll to bottom 46</div>
      <!---->
    </div>
    <!---->
  </div>
  <div class=\\"var-cell\\">
    <!---->
    <div class=\\"var-cell__content\\">
      <div class=\\"var-cell__title\\">Scroll to bottom 47</div>
      <!---->
    </div>
    <!---->
  </div>
  <div class=\\"var-cell\\">
    <!---->
    <div class=\\"var-cell__content\\">
      <div class=\\"var-cell__title\\">Scroll to bottom 48</div>
      <!---->
    </div>
    <!---->
  </div>
  <div class=\\"var-cell\\">
    <!---->
    <div class=\\"var-cell__content\\">
      <div class=\\"var-cell__title\\">Scroll to bottom 49</div>
      <!---->
    </div>
    <!---->
  </div>
  <div class=\\"var-cell\\">
    <!---->
    <div class=\\"var-cell__content\\">
      <div class=\\"var-cell__title\\">Scroll to bottom 50</div>
      <!---->
    </div>
    <!---->
  </div>
  <div class=\\"var-cell\\">
    <!---->
    <div class=\\"var-cell__content\\">
      <div class=\\"var-cell__title\\">Scroll to bottom 51</div>
      <!---->
    </div>
    <!---->
  </div>
  <div class=\\"var-cell\\">
    <!---->
    <div class=\\"var-cell__content\\">
      <div class=\\"var-cell__title\\">Scroll to bottom 52</div>
      <!---->
    </div>
    <!---->
  </div>
  <div class=\\"var-cell\\">
    <!---->
    <div class=\\"var-cell__content\\">
      <div class=\\"var-cell__title\\">Scroll to bottom 53</div>
      <!---->
    </div>
    <!---->
  </div>
  <div class=\\"var-cell\\">
    <!---->
    <div class=\\"var-cell__content\\">
      <div class=\\"var-cell__title\\">Scroll to bottom 54</div>
      <!---->
    </div>
    <!---->
  </div>
  <div class=\\"var-cell\\">
    <!---->
    <div class=\\"var-cell__content\\">
      <div class=\\"var-cell__title\\">Scroll to bottom 55</div>
      <!---->
    </div>
    <!---->
  </div>
  <div class=\\"var-cell\\">
    <!---->
    <div class=\\"var-cell__content\\">
      <div class=\\"var-cell__title\\">Scroll to bottom 56</div>
      <!---->
    </div>
    <!---->
  </div>
  <div class=\\"var-cell\\">
    <!---->
    <div class=\\"var-cell__content\\">
      <div class=\\"var-cell__title\\">Scroll to bottom 57</div>
      <!---->
    </div>
    <!---->
  </div>
  <div class=\\"var-cell\\">
    <!---->
    <div class=\\"var-cell__content\\">
      <div class=\\"var-cell__title\\">Scroll to bottom 58</div>
      <!---->
    </div>
    <!---->
  </div>
  <div class=\\"var-cell\\">
    <!---->
    <div class=\\"var-cell__content\\">
      <div class=\\"var-cell__title\\">Scroll to bottom 59</div>
      <!---->
    </div>
    <!---->
  </div>
  <div class=\\"var-cell\\">
    <!---->
    <div class=\\"var-cell__content\\">
      <div class=\\"var-cell__title\\">Scroll to bottom 60</div>
      <!---->
    </div>
    <!---->
  </div>
  <div class=\\"var-cell\\">
    <!---->
    <div class=\\"var-cell__content\\">
      <div class=\\"var-cell__title\\">Scroll to bottom 61</div>
      <!---->
    </div>
    <!---->
  </div>
  <div class=\\"var-cell\\">
    <!---->
    <div class=\\"var-cell__content\\">
      <div class=\\"var-cell__title\\">Scroll to bottom 62</div>
      <!---->
    </div>
    <!---->
  </div>
  <div class=\\"var-cell\\">
    <!---->
    <div class=\\"var-cell__content\\">
      <div class=\\"var-cell__title\\">Scroll to bottom 63</div>
      <!---->
    </div>
    <!---->
  </div>
  <div class=\\"var-cell\\">
    <!---->
    <div class=\\"var-cell__content\\">
      <div class=\\"var-cell__title\\">Scroll to bottom 64</div>
      <!---->
    </div>
    <!---->
  </div>
  <div class=\\"var-cell\\">
    <!---->
    <div class=\\"var-cell__content\\">
      <div class=\\"var-cell__title\\">Scroll to bottom 65</div>
      <!---->
    </div>
    <!---->
  </div>
  <div class=\\"var-cell\\">
    <!---->
    <div class=\\"var-cell__content\\">
      <div class=\\"var-cell__title\\">Scroll to bottom 66</div>
      <!---->
    </div>
    <!---->
  </div>
  <div class=\\"var-cell\\">
    <!---->
    <div class=\\"var-cell__content\\">
      <div class=\\"var-cell__title\\">Scroll to bottom 67</div>
      <!---->
    </div>
    <!---->
  </div>
  <div class=\\"var-cell\\">
    <!---->
    <div class=\\"var-cell__content\\">
      <div class=\\"var-cell__title\\">Scroll to bottom 68</div>
      <!---->
    </div>
    <!---->
  </div>
  <div class=\\"var-cell\\">
    <!---->
    <div class=\\"var-cell__content\\">
      <div class=\\"var-cell__title\\">Scroll to bottom 69</div>
      <!---->
    </div>
    <!---->
  </div>
  <div class=\\"var-cell\\">
    <!---->
    <div class=\\"var-cell__content\\">
      <div class=\\"var-cell__title\\">Scroll to bottom 70</div>
      <!---->
    </div>
    <!---->
  </div>
  <div class=\\"var-cell\\">
    <!---->
    <div class=\\"var-cell__content\\">
      <div class=\\"var-cell__title\\">Scroll to bottom 71</div>
      <!---->
    </div>
    <!---->
  </div>
  <div class=\\"var-cell\\">
    <!---->
    <div class=\\"var-cell__content\\">
      <div class=\\"var-cell__title\\">Scroll to bottom 72</div>
      <!---->
    </div>
    <!---->
  </div>
  <div class=\\"var-cell\\">
    <!---->
    <div class=\\"var-cell__content\\">
      <div class=\\"var-cell__title\\">Scroll to bottom 73</div>
      <!---->
    </div>
    <!---->
  </div>
  <div class=\\"var-cell\\">
    <!---->
    <div class=\\"var-cell__content\\">
      <div class=\\"var-cell__title\\">Scroll to bottom 74</div>
      <!---->
    </div>
    <!---->
  </div>
  <div class=\\"var-cell\\">
    <!---->
    <div class=\\"var-cell__content\\">
      <div class=\\"var-cell__title\\">Scroll to bottom 75</div>
      <!---->
    </div>
    <!---->
  </div>
  <div class=\\"var-cell\\">
    <!---->
    <div class=\\"var-cell__content\\">
      <div class=\\"var-cell__title\\">Scroll to bottom 76</div>
      <!---->
    </div>
    <!---->
  </div>
  <div class=\\"var-cell\\">
    <!---->
    <div class=\\"var-cell__content\\">
      <div class=\\"var-cell__title\\">Scroll to bottom 77</div>
      <!---->
    </div>
    <!---->
  </div>
  <div class=\\"var-cell\\">
    <!---->
    <div class=\\"var-cell__content\\">
      <div class=\\"var-cell__title\\">Scroll to bottom 78</div>
      <!---->
    </div>
    <!---->
  </div>
  <div class=\\"var-cell\\">
    <!---->
    <div class=\\"var-cell__content\\">
      <div class=\\"var-cell__title\\">Scroll to bottom 79</div>
      <!---->
    </div>
    <!---->
  </div>
  <div class=\\"var-cell\\">
    <!---->
    <div class=\\"var-cell__content\\">
      <div class=\\"var-cell__title\\">Scroll to bottom 80</div>
      <!---->
    </div>
    <!---->
  </div>
  <div class=\\"var-cell\\">
    <!---->
    <div class=\\"var-cell__content\\">
      <div class=\\"var-cell__title\\">Scroll to bottom 81</div>
      <!---->
    </div>
    <!---->
  </div>
  <div class=\\"var-cell\\">
    <!---->
    <div class=\\"var-cell__content\\">
      <div class=\\"var-cell__title\\">Scroll to bottom 82</div>
      <!---->
    </div>
    <!---->
  </div>
  <div class=\\"var-cell\\">
    <!---->
    <div class=\\"var-cell__content\\">
      <div class=\\"var-cell__title\\">Scroll to bottom 83</div>
      <!---->
    </div>
    <!---->
  </div>
  <div class=\\"var-cell\\">
    <!---->
    <div class=\\"var-cell__content\\">
      <div class=\\"var-cell__title\\">Scroll to bottom 84</div>
      <!---->
    </div>
    <!---->
  </div>
  <div class=\\"var-cell\\">
    <!---->
    <div class=\\"var-cell__content\\">
      <div class=\\"var-cell__title\\">Scroll to bottom 85</div>
      <!---->
    </div>
    <!---->
  </div>
  <div class=\\"var-cell\\">
    <!---->
    <div class=\\"var-cell__content\\">
      <div class=\\"var-cell__title\\">Scroll to bottom 86</div>
      <!---->
    </div>
    <!---->
  </div>
  <div class=\\"var-cell\\">
    <!---->
    <div class=\\"var-cell__content\\">
      <div class=\\"var-cell__title\\">Scroll to bottom 87</div>
      <!---->
    </div>
    <!---->
  </div>
  <div class=\\"var-cell\\">
    <!---->
    <div class=\\"var-cell__content\\">
      <div class=\\"var-cell__title\\">Scroll to bottom 88</div>
      <!---->
    </div>
    <!---->
  </div>
  <div class=\\"var-cell\\">
    <!---->
    <div class=\\"var-cell__content\\">
      <div class=\\"var-cell__title\\">Scroll to bottom 89</div>
      <!---->
    </div>
    <!---->
  </div>
  <div class=\\"var-cell\\">
    <!---->
    <div class=\\"var-cell__content\\">
      <div class=\\"var-cell__title\\">Scroll to bottom 90</div>
      <!---->
    </div>
    <!---->
  </div>
  <div class=\\"var-cell\\">
    <!---->
    <div class=\\"var-cell__content\\">
      <div class=\\"var-cell__title\\">Scroll to bottom 91</div>
      <!---->
    </div>
    <!---->
  </div>
  <div class=\\"var-cell\\">
    <!---->
    <div class=\\"var-cell__content\\">
      <div class=\\"var-cell__title\\">Scroll to bottom 92</div>
      <!---->
    </div>
    <!---->
  </div>
  <div class=\\"var-cell\\">
    <!---->
    <div class=\\"var-cell__content\\">
      <div class=\\"var-cell__title\\">Scroll to bottom 93</div>
      <!---->
    </div>
    <!---->
  </div>
  <div class=\\"var-cell\\">
    <!---->
    <div class=\\"var-cell__content\\">
      <div class=\\"var-cell__title\\">Scroll to bottom 94</div>
      <!---->
    </div>
    <!---->
  </div>
  <div class=\\"var-cell\\">
    <!---->
    <div class=\\"var-cell__content\\">
      <div class=\\"var-cell__title\\">Scroll to bottom 95</div>
      <!---->
    </div>
    <!---->
  </div>
  <div class=\\"var-cell\\">
    <!---->
    <div class=\\"var-cell__content\\">
      <div class=\\"var-cell__title\\">Scroll to bottom 96</div>
      <!---->
    </div>
    <!---->
  </div>
  <div class=\\"var-cell\\">
    <!---->
    <div class=\\"var-cell__content\\">
      <div class=\\"var-cell__title\\">Scroll to bottom 97</div>
      <!---->
    </div>
    <!---->
  </div>
  <div class=\\"var-cell\\">
    <!---->
    <div class=\\"var-cell__content\\">
      <div class=\\"var-cell__title\\">Scroll to bottom 98</div>
      <!---->
    </div>
    <!---->
  </div>
  <div class=\\"var-cell\\">
    <!---->
    <div class=\\"var-cell__content\\">
      <div class=\\"var-cell__title\\">Scroll to bottom 99</div>
      <!---->
    </div>
    <!---->
  </div>
  <div class=\\"var-back-top\\"><button class=\\"var-button var--box var-button--normal var--inline-flex var-button--primary var-elevation--2 var-button--round\\" var-back-top-cover=\\"\\">
      <!---->
      <div class=\\"var-button__content\\"><i class=\\"var-icon var-icon--set var-icon-chevron-up\\" style=\\"transition: transform 0ms;\\"></i></div>
    </button></div>
</div>"
`;
