// Jest Snapshot v1, https://goo.gl/fbAQLP

exports[`test image example 1`] = `
"<div class=\\"var-image-example\\">
  <div class=\\"app-type\\">基本使用</div>
  <div class=\\"var-image var--box\\" style=\\"border-radius: 0px;\\"><img src=\\"https://varlet-vue2.vercel.app/cat.jpg\\" class=\\"var-image__image\\" style=\\"object-fit: fill;\\"></div>
  <div class=\\"app-type\\">填充模式</div>
  <div class=\\"var-row__wrap\\">
    <div class=\\"var-row var--box\\" style=\\"justify-content: flex-start; align-items: flex-start;\\">
      <div class=\\"fit-item\\">
        <div class=\\"var-image var--box\\" style=\\"width: 85px; height: 85px; border-radius: 0px;\\"><img src=\\"https://varlet-vue2.vercel.app/cat.jpg\\" class=\\"var-image__image\\" style=\\"object-fit: fill;\\"></div>
        <div>fill</div>
      </div>
      <div class=\\"fit-item\\">
        <div class=\\"var-image var--box\\" style=\\"width: 85px; height: 85px; border-radius: 0px;\\"><img src=\\"https://varlet-vue2.vercel.app/cat.jpg\\" class=\\"var-image__image\\" style=\\"object-fit: cover;\\"></div>
        <div>cover</div>
      </div>
      <div class=\\"fit-item\\">
        <div class=\\"var-image var--box\\" style=\\"width: 85px; height: 85px; border-radius: 0px;\\"><img src=\\"https://varlet-vue2.vercel.app/cat.jpg\\" class=\\"var-image__image\\" style=\\"object-fit: contain;\\"></div>
        <div>contain</div>
      </div>
      <div class=\\"fit-item\\">
        <div class=\\"var-image var--box\\" style=\\"width: 85px; height: 85px; border-radius: 0px;\\"><img src=\\"https://varlet-vue2.vercel.app/cat.jpg\\" class=\\"var-image__image\\" style=\\"object-fit: none;\\"></div>
        <div>none</div>
      </div>
      <div class=\\"fit-item\\">
        <div class=\\"var-image var--box\\" style=\\"width: 85px; height: 85px; border-radius: 0px;\\"><img src=\\"https://varlet-vue2.vercel.app/cat.jpg\\" class=\\"var-image__image\\" style=\\"object-fit: scale-down;\\"></div>
        <div>scale-down</div>
      </div>
    </div>
  </div>
  <div class=\\"app-type\\">设置圆角</div>
  <div class=\\"var-row__wrap\\">
    <div class=\\"var-row var--box\\" style=\\"justify-content: flex-start; align-items: flex-start;\\">
      <div class=\\"var-image var--box\\" style=\\"width: 85px; height: 85px; border-radius: 10px; margin-right: 10px;\\"><img src=\\"https://varlet-vue2.vercel.app/cat.jpg\\" class=\\"var-image__image\\" style=\\"object-fit: cover;\\"></div>
      <div class=\\"var-image var--box\\" style=\\"width: 85px; height: 85px; border-radius: 50%;\\"><img src=\\"https://varlet-vue2.vercel.app/cat.jpg\\" class=\\"var-image__image\\" style=\\"object-fit: cover;\\"></div>
    </div>
  </div>
  <div class=\\"app-type\\">开启水波</div>
  <div class=\\"var-image var--box\\" style=\\"border-radius: 0px;\\"><img src=\\"https://varlet-vue2.vercel.app/cat.jpg\\" class=\\"var-image__image\\" style=\\"object-fit: fill;\\"></div>
  <div class=\\"app-type\\">开启懒加载</div>
  <div class=\\"var-image var--box\\" style=\\"border-radius: 0px;\\"><img class=\\"var-image__image\\" style=\\"object-fit: fill;\\" src=\\"data:image/gif;base64,R0lGODlhAQABAIAAAP///wAAACH5BAEAAAAALAAAAAABAAEAAAICRAEAOw==\\"></div>
</div>"
`;

exports[`test image fit 1`] = `"<div class=\\"var-image var--box\\" style=\\"border-radius: 0px;\\"><img class=\\"var-image__image\\" style=\\"object-fit: fill;\\"></div>"`;

exports[`test image fit 2`] = `"<div class=\\"var-image var--box\\" style=\\"border-radius: 0px;\\"><img class=\\"var-image__image\\" style=\\"object-fit: cover;\\"></div>"`;

exports[`test image fit 3`] = `"<div class=\\"var-image var--box\\" style=\\"border-radius: 0px;\\"><img class=\\"var-image__image\\" style=\\"object-fit: none;\\"></div>"`;

exports[`test image fit 4`] = `"<div class=\\"var-image var--box\\" style=\\"border-radius: 0px;\\"><img class=\\"var-image__image\\" style=\\"object-fit: scale-down;\\"></div>"`;

exports[`test image fit 5`] = `"<div class=\\"var-image var--box\\" style=\\"border-radius: 0px;\\"><img class=\\"var-image__image\\" style=\\"object-fit: contain;\\"></div>"`;

exports[`test image src 1`] = `"<div class=\\"var-image var--box\\" style=\\"border-radius: 0px;\\"><img src=\\"https://varlet-vue2.vercel.app/cat.png\\" class=\\"var-image__image\\" style=\\"object-fit: fill;\\"></div>"`;

exports[`test image styles 1`] = `"<div class=\\"var-image var--box var--inline-block\\" style=\\"width: 100px; height: 100px; border-radius: 10px;\\"><img alt=\\"alt\\" src=\\"https://varlet-vue2.vercel.app/cat.png\\" class=\\"var-image__image\\" style=\\"object-fit: fill;\\"></div>"`;
