// Jest Snapshot v1, https://goo.gl/fbAQLP

exports[`test card example 1`] = `
"<div class=\\"var-card-example\\">
  <div class=\\"app-type\\">基本使用</div>
  <div class=\\"var-card var-elevation--2\\">
    <!---->
    <div class=\\"var-card__title\\">风景</div>
    <!---->
    <div class=\\"var-card__description\\">公园的树林也很美。在公园的小山上栽满了树木，梧桐树的叶子随着时间的流逝慢慢变黄，纷纷飘落；枫树的叶子却变红了，公园笼罩在片片红云中，也使秋天增添了一分热情。而柏树的叶子仍是那么青翠欲滴，令你陶醉极了。山上有一群孩子在快乐的嬉戏，不时传来阵阵欢笑声，瞧，他们玩得多起劲呀，给树林增添了活力。</div>
    <!---->
  </div>
  <div class=\\"app-type\\">显示副标题</div>
  <div class=\\"var-card var-elevation--2\\">
    <!---->
    <div class=\\"var-card__title\\">风景</div>
    <div class=\\"var-card__subtitle\\">公园里的风景</div>
    <div class=\\"var-card__description\\">公园的树林也很美。在公园的小山上栽满了树木，梧桐树的叶子随着时间的流逝慢慢变黄，纷纷飘落；枫树的叶子却变红了，公园笼罩在片片红云中，也使秋天增添了一分热情。而柏树的叶子仍是那么青翠欲滴，令你陶醉极了。山上有一群孩子在快乐的嬉戏，不时传来阵阵欢笑声，瞧，他们玩得多起劲呀，给树林增添了活力。</div>
    <!---->
  </div>
  <div class=\\"app-type\\">显示图片</div>
  <div class=\\"var-card var-elevation--2\\"><img src=\\"https://varlet-vue2.vercel.app/cat.jpg\\" class=\\"var-card__image\\" style=\\"object-fit: cover;\\">
    <div class=\\"var-card__title\\">风景</div>
    <div class=\\"var-card__subtitle\\">公园里的风景</div>
    <div class=\\"var-card__description\\">公园的树林也很美。在公园的小山上栽满了树木，梧桐树的叶子随着时间的流逝慢慢变黄，纷纷飘落；枫树的叶子却变红了，公园笼罩在片片红云中，也使秋天增添了一分热情。而柏树的叶子仍是那么青翠欲滴，令你陶醉极了。山上有一群孩子在快乐的嬉戏，不时传来阵阵欢笑声，瞧，他们玩得多起劲呀，给树林增添了活力。</div>
    <!---->
  </div>
  <div class=\\"app-type\\">使用插槽</div>
  <div class=\\"var-card var-elevation--2\\"><img src=\\"https://varlet-vue2.vercel.app/cat.jpg\\" class=\\"var-card__image\\" style=\\"object-fit: cover;\\">
    <div class=\\"var-card__title\\">风景</div>
    <div class=\\"var-card__subtitle\\">公园里的风景</div>
    <div class=\\"var-card__description\\">公园的树林也很美。在公园的小山上栽满了树木，梧桐树的叶子随着时间的流逝慢慢变黄，纷纷飘落；枫树的叶子却变红了，公园笼罩在片片红云中，也使秋天增添了一分热情。而柏树的叶子仍是那么青翠欲滴，令你陶醉极了。山上有一群孩子在快乐的嬉戏，不时传来阵阵欢笑声，瞧，他们玩得多起劲呀，给树林增添了活力。</div>
    <div class=\\"var-card__footer\\"><button class=\\"var-button var--box var-button--normal var--inline-flex var-button--primary var-elevation--2\\" style=\\"margin-right: 10px;\\">
        <!---->
        <div class=\\"var-button__content\\">添加按钮</div>
      </button> <button class=\\"var-button var--box var-button--normal var--inline-flex var-button--warning var-elevation--2\\">
        <!---->
        <div class=\\"var-button__content\\">添加按钮</div>
      </button></div>
  </div>
  <div class=\\"app-type\\">水波效果</div>
  <div class=\\"var-card var-elevation--2\\">
    <!---->
    <div class=\\"var-card__title\\">风景</div>
    <div class=\\"var-card__subtitle\\">公园里的风景</div>
    <div class=\\"var-card__description\\">公园的树林也很美。在公园的小山上栽满了树木，梧桐树的叶子随着时间的流逝慢慢变黄，纷纷飘落；枫树的叶子却变红了，公园笼罩在片片红云中，也使秋天增添了一分热情。而柏树的叶子仍是那么青翠欲滴，令你陶醉极了。山上有一群孩子在快乐的嬉戏，不时传来阵阵欢笑声，瞧，他们玩得多起劲呀，给树林增添了活力。</div>
    <!---->
  </div>
</div>"
`;

exports[`test card props 1`] = `
"<div class=\\"var-card var-elevation--2\\"><img src=\\"https://varlet-vue2.vercel.app/cat.jpg\\" alt=\\"This is an image\\" class=\\"var-card__image\\" style=\\"object-fit: cover; height: 200px;\\">
  <div class=\\"var-card__title\\">This is Card</div>
  <div class=\\"var-card__subtitle\\">This is subtitle</div>
  <div class=\\"var-card__description\\">This is description</div>
  <div class=\\"var-card__footer\\">
    <div>text</div>
  </div>
</div>"
`;
