// Jest Snapshot v1, https://goo.gl/fbAQLP

exports[`tes collapse offset and collapse icon 1`] = `
"<div class=\\"var-collapse\\">
  <div class=\\"var-collapse-item\\">
    <div class=\\"var-collapse-item-header\\">
      <div class=\\"var-collapse-item-header__title\\">test1</div>
      <div class=\\"var-collapse-item-header__icon\\"><i class=\\"var-icon var-icon--set var-icon-fire var-collapse-item-header__icon\\" style=\\"transition: transform 250ms;\\"></i></div>
    </div>
    <div class=\\"var-collapse-item-content\\" style=\\"display: none;\\">
      <div class=\\"var-collapse-item__wrap\\">test1</div>
    </div>
  </div>
  <div class=\\"var-collapse-item\\">
    <div class=\\"var-collapse-item-header\\">
      <div class=\\"var-collapse-item-header__title\\">test2</div>
      <div class=\\"var-collapse-item-header__icon\\"><i class=\\"var-icon var-icon--set var-icon-fire var-collapse-item-header__icon\\" style=\\"transition: transform 250ms;\\"></i></div>
    </div>
    <div class=\\"var-collapse-item-content\\" style=\\"display: none;\\">
      <div class=\\"var-collapse-item__wrap\\">test2</div>
    </div>
  </div>
</div>"
`;

exports[`test collapse example 1`] = `
"<div class=\\"var-collapse-example\\">
  <div>
    <div class=\\"app-type\\">基本使用</div>
    <div class=\\"var-collapse\\">
      <div class=\\"var-collapse-item\\">
        <div class=\\"var-collapse-item-header\\">
          <div class=\\"var-collapse-item-header__title\\">标题</div>
          <div class=\\"var-collapse-item-header__icon\\"><i class=\\"var-icon var-icon--set var-icon-chevron-down var-collapse-item-header__icon\\" style=\\"transition: transform 250ms;\\"></i></div>
        </div>
        <div class=\\"var-collapse-item-content\\" style=\\"display: none;\\">
          <div class=\\"var-collapse-item__wrap\\">文本</div>
        </div>
      </div>
      <div class=\\"var-collapse-item\\">
        <div class=\\"var-collapse-item-header\\">
          <div class=\\"var-collapse-item-header__title\\">标题</div>
          <div class=\\"var-collapse-item-header__icon\\"><i class=\\"var-icon var-icon--set var-icon-chevron-down var-collapse-item-header__icon\\" style=\\"transition: transform 250ms;\\"></i></div>
        </div>
        <div class=\\"var-collapse-item-content\\" style=\\"display: none;\\">
          <div class=\\"var-collapse-item__wrap\\">文本</div>
        </div>
      </div>
    </div>
  </div>
  <div>
    <div class=\\"app-type\\">隐藏边距</div>
    <div class=\\"var-collapse\\">
      <div class=\\"var-collapse-item\\">
        <div class=\\"var-collapse-item-header\\">
          <div class=\\"var-collapse-item-header__title\\">标题</div>
          <div class=\\"var-collapse-item-header__icon\\"><i class=\\"var-icon var-icon--set var-icon-chevron-down var-collapse-item-header__icon\\" style=\\"transition: transform 250ms;\\"></i></div>
        </div>
        <div class=\\"var-collapse-item-content\\" style=\\"display: none;\\">
          <div class=\\"var-collapse-item__wrap\\">文本</div>
        </div>
      </div>
      <div class=\\"var-collapse-item\\">
        <div class=\\"var-collapse-item-header\\">
          <div class=\\"var-collapse-item-header__title\\">标题</div>
          <div class=\\"var-collapse-item-header__icon\\"><i class=\\"var-icon var-icon--set var-icon-chevron-down var-collapse-item-header__icon\\" style=\\"transition: transform 250ms;\\"></i></div>
        </div>
        <div class=\\"var-collapse-item-content\\" style=\\"display: none;\\">
          <div class=\\"var-collapse-item__wrap\\">文本</div>
        </div>
      </div>
    </div>
  </div>
  <div>
    <div class=\\"app-type\\">手风琴模式</div>
    <div class=\\"var-collapse\\">
      <div class=\\"var-collapse-item\\">
        <div class=\\"var-collapse-item-header\\">
          <div class=\\"var-collapse-item-header__title\\">标题</div>
          <div class=\\"var-collapse-item-header__icon\\"><i class=\\"var-icon var-icon--set var-icon-chevron-down var-collapse-item-header__icon\\" style=\\"transition: transform 250ms;\\"></i></div>
        </div>
        <div class=\\"var-collapse-item-content\\" style=\\"display: none;\\">
          <div class=\\"var-collapse-item__wrap\\">文本</div>
        </div>
      </div>
      <div class=\\"var-collapse-item\\">
        <div class=\\"var-collapse-item-header\\">
          <div class=\\"var-collapse-item-header__title\\">标题</div>
          <div class=\\"var-collapse-item-header__icon\\"><i class=\\"var-icon var-icon--set var-icon-chevron-down var-collapse-item-header__icon\\" style=\\"transition: transform 250ms;\\"></i></div>
        </div>
        <div class=\\"var-collapse-item-content\\" style=\\"display: none;\\">
          <div class=\\"var-collapse-item__wrap\\">文本</div>
        </div>
      </div>
    </div>
  </div>
  <div>
    <div class=\\"app-type\\">禁用</div> <button class=\\"var-button var--box var-button--normal var--inline-flex var-button--default var-elevation--2\\" style=\\"margin-bottom: 8px;\\">
      <!---->
      <div class=\\"var-button__content\\">
        禁用
      </div>
    </button>
    <div class=\\"var-collapse\\">
      <div class=\\"var-collapse-item\\">
        <div class=\\"var-collapse-item-header\\">
          <div class=\\"var-collapse-item-header__title\\">标题</div>
          <div class=\\"var-collapse-item-header__icon\\"><i class=\\"var-icon var-icon--set var-icon-chevron-down var-collapse-item-header__icon\\" style=\\"transition: transform 250ms;\\"></i></div>
        </div>
        <div class=\\"var-collapse-item-content\\" style=\\"display: none;\\">
          <div class=\\"var-collapse-item__wrap\\">文本</div>
        </div>
      </div>
      <div class=\\"var-collapse-item\\">
        <div class=\\"var-collapse-item-header\\">
          <div class=\\"var-collapse-item-header__title\\">标题</div>
          <div class=\\"var-collapse-item-header__icon\\"><i class=\\"var-icon var-icon--set var-icon-chevron-down var-collapse-item-header__icon\\" style=\\"transition: transform 250ms;\\"></i></div>
        </div>
        <div class=\\"var-collapse-item-content\\" style=\\"display: none;\\">
          <div class=\\"var-collapse-item__wrap\\">文本</div>
        </div>
      </div>
    </div>
  </div>
  <div>
    <div class=\\"app-type\\">自定义内容</div>
    <div class=\\"var-collapse\\">
      <div class=\\"var-collapse-item\\">
        <div class=\\"var-collapse-item-header\\">
          <div class=\\"var-collapse-item-header__title\\">这是标题</div>
          <div class=\\"var-collapse-item-header__icon\\"><i class=\\"var-icon var-icon--set var-icon-account-circle var-collapse-item-header__icon\\" style=\\"transition: transform 250ms;\\"></i></div>
        </div>
        <div class=\\"var-collapse-item-content\\" style=\\"display: none;\\">
          <div class=\\"var-collapse-item__wrap\\">文本</div>
        </div>
      </div>
      <div class=\\"var-collapse-item\\">
        <div class=\\"var-collapse-item-header\\">
          <div class=\\"var-collapse-item-header__title\\">这是标题</div>
          <div class=\\"var-collapse-item-header__icon\\">^_^</div>
        </div>
        <div class=\\"var-collapse-item-content\\" style=\\"display: none;\\">
          <div class=\\"var-collapse-item__wrap\\">
            这是内容
          </div>
        </div>
      </div>
    </div>
  </div>
</div>"
`;
