// Jest Snapshot v1, https://goo.gl/fbAQLP

exports[`test icon example 1`] = `
"<div class=\\"var-icon-example\\">
  <div class=\\"app-type\\">图标尺寸</div> <i class=\\"var-icon example__animation-icon var-icon--set var-icon-checkbox-marked-circle\\" style=\\"transition: transform 0ms;\\"></i> <i class=\\"var-icon example__animation-icon var-icon--set var-icon-checkbox-marked-circle\\" style=\\"transition: transform 0ms; font-size: 26px;\\"></i>
  <div class=\\"app-type\\">图标颜色</div> <i class=\\"var-icon example__animation-icon var-icon--set var-icon-checkbox-marked-circle\\" style=\\"color: rgb(41, 121, 255); transition: transform 0ms;\\"></i> <i class=\\"var-icon example__animation-icon var-icon--set var-icon-checkbox-marked-circle\\" style=\\"color: rgb(41, 121, 255); transition: transform 0ms; font-size: 26px;\\"></i>
  <div class=\\"app-type\\">使用图片</div> <img src=\\"https://varlet-vue2.vercel.app/cat.jpg\\" class=\\"var-icon example__animation-icon var-icon--set var-icon__image\\" style=\\"transition: transform 0ms; width: 32px; height: 32px; font-size: 32px;\\">
  <div class=\\"app-type\\">注册事件</div> <i class=\\"var-icon example__animation-icon var-icon--set var-icon-checkbox-marked-circle\\" style=\\"color: rgb(41, 121, 255); transition: transform 0ms;\\"></i>
  <div class=\\"app-type\\">图标切换动画 (点击切换)</div> <i class=\\"var-icon example__animation-icon var-icon--set var-icon-information\\" style=\\"color: rgb(41, 121, 255); transition: transform 300ms; font-size: 30px;\\"></i>
  <div class=\\"app-type\\">图标列表 (点击复制)</div>
  <div class=\\"example__icons\\">
    <div data-clipboard-text=\\"checkbox-marked-circle\\" class=\\"example__icon var-elevation--2\\" style=\\"background: rgb(255, 255, 255);\\"><i class=\\"var-icon var-icon--set var-icon-checkbox-marked-circle\\" style=\\"transition: transform 0ms;\\"></i>
      <div class=\\"example__icon-name\\">checkbox-marked-circle</div>
    </div>
    <div data-clipboard-text=\\"check-circle-outline\\" class=\\"example__icon var-elevation--2\\" style=\\"background: rgb(255, 255, 255);\\"><i class=\\"var-icon var-icon--set var-icon-check-circle-outline\\" style=\\"transition: transform 0ms;\\"></i>
      <div class=\\"example__icon-name\\">check-circle-outline</div>
    </div>
    <div data-clipboard-text=\\"information\\" class=\\"example__icon var-elevation--2\\" style=\\"background: rgb(255, 255, 255);\\"><i class=\\"var-icon var-icon--set var-icon-information\\" style=\\"transition: transform 0ms;\\"></i>
      <div class=\\"example__icon-name\\">information</div>
    </div>
    <div data-clipboard-text=\\"information-outline\\" class=\\"example__icon var-elevation--2\\" style=\\"background: rgb(255, 255, 255);\\"><i class=\\"var-icon var-icon--set var-icon-information-outline\\" style=\\"transition: transform 0ms;\\"></i>
      <div class=\\"example__icon-name\\">information-outline</div>
    </div>
    <div data-clipboard-text=\\"warning\\" class=\\"example__icon var-elevation--2\\" style=\\"background: rgb(255, 255, 255);\\"><i class=\\"var-icon var-icon--set var-icon-warning\\" style=\\"transition: transform 0ms;\\"></i>
      <div class=\\"example__icon-name\\">warning</div>
    </div>
    <div data-clipboard-text=\\"alert-outline\\" class=\\"example__icon var-elevation--2\\" style=\\"background: rgb(255, 255, 255);\\"><i class=\\"var-icon var-icon--set var-icon-alert-outline\\" style=\\"transition: transform 0ms;\\"></i>
      <div class=\\"example__icon-name\\">alert-outline</div>
    </div>
    <div data-clipboard-text=\\"error\\" class=\\"example__icon var-elevation--2\\" style=\\"background: rgb(255, 255, 255);\\"><i class=\\"var-icon var-icon--set var-icon-error\\" style=\\"transition: transform 0ms;\\"></i>
      <div class=\\"example__icon-name\\">error</div>
    </div>
    <div data-clipboard-text=\\"alert-circle-outline\\" class=\\"example__icon var-elevation--2\\" style=\\"background: rgb(255, 255, 255);\\"><i class=\\"var-icon var-icon--set var-icon-alert-circle-outline\\" style=\\"transition: transform 0ms;\\"></i>
      <div class=\\"example__icon-name\\">alert-circle-outline</div>
    </div>
    <div data-clipboard-text=\\"checkbox-marked\\" class=\\"example__icon var-elevation--2\\" style=\\"background: rgb(255, 255, 255);\\"><i class=\\"var-icon var-icon--set var-icon-checkbox-marked\\" style=\\"transition: transform 0ms;\\"></i>
      <div class=\\"example__icon-name\\">checkbox-marked</div>
    </div>
    <div data-clipboard-text=\\"checkbox-marked-outline\\" class=\\"example__icon var-elevation--2\\" style=\\"background: rgb(255, 255, 255);\\"><i class=\\"var-icon var-icon--set var-icon-checkbox-marked-outline\\" style=\\"transition: transform 0ms;\\"></i>
      <div class=\\"example__icon-name\\">checkbox-marked-outline</div>
    </div>
    <div data-clipboard-text=\\"checkbox-blank-outline\\" class=\\"example__icon var-elevation--2\\" style=\\"background: rgb(255, 255, 255);\\"><i class=\\"var-icon var-icon--set var-icon-checkbox-blank-outline\\" style=\\"transition: transform 0ms;\\"></i>
      <div class=\\"example__icon-name\\">checkbox-blank-outline</div>
    </div>
    <div data-clipboard-text=\\"radio-marked\\" class=\\"example__icon var-elevation--2\\" style=\\"background: rgb(255, 255, 255);\\"><i class=\\"var-icon var-icon--set var-icon-radio-marked\\" style=\\"transition: transform 0ms;\\"></i>
      <div class=\\"example__icon-name\\">radio-marked</div>
    </div>
    <div data-clipboard-text=\\"checkbox-marked-circle-outline\\" class=\\"example__icon var-elevation--2\\" style=\\"background: rgb(255, 255, 255);\\"><i class=\\"var-icon var-icon--set var-icon-checkbox-marked-circle-outline\\" style=\\"transition: transform 0ms;\\"></i>
      <div class=\\"example__icon-name\\">checkbox-marked-circle-outline</div>
    </div>
    <div data-clipboard-text=\\"radio-blank\\" class=\\"example__icon var-elevation--2\\" style=\\"background: rgb(255, 255, 255);\\"><i class=\\"var-icon var-icon--set var-icon-radio-blank\\" style=\\"transition: transform 0ms;\\"></i>
      <div class=\\"example__icon-name\\">radio-blank</div>
    </div>
    <div data-clipboard-text=\\"close-circle\\" class=\\"example__icon var-elevation--2\\" style=\\"background: rgb(255, 255, 255);\\"><i class=\\"var-icon var-icon--set var-icon-close-circle\\" style=\\"transition: transform 0ms;\\"></i>
      <div class=\\"example__icon-name\\">close-circle</div>
    </div>
    <div data-clipboard-text=\\"close-circle-outline\\" class=\\"example__icon var-elevation--2\\" style=\\"background: rgb(255, 255, 255);\\"><i class=\\"var-icon var-icon--set var-icon-close-circle-outline\\" style=\\"transition: transform 0ms;\\"></i>
      <div class=\\"example__icon-name\\">close-circle-outline</div>
    </div>
    <div data-clipboard-text=\\"close-box\\" class=\\"example__icon var-elevation--2\\" style=\\"background: rgb(255, 255, 255);\\"><i class=\\"var-icon var-icon--set var-icon-close-box\\" style=\\"transition: transform 0ms;\\"></i>
      <div class=\\"example__icon-name\\">close-box</div>
    </div>
    <div data-clipboard-text=\\"close-box-outline\\" class=\\"example__icon var-elevation--2\\" style=\\"background: rgb(255, 255, 255);\\"><i class=\\"var-icon var-icon--set var-icon-close-box-outline\\" style=\\"transition: transform 0ms;\\"></i>
      <div class=\\"example__icon-name\\">close-box-outline</div>
    </div>
    <div data-clipboard-text=\\"minus-circle\\" class=\\"example__icon var-elevation--2\\" style=\\"background: rgb(255, 255, 255);\\"><i class=\\"var-icon var-icon--set var-icon-minus-circle\\" style=\\"transition: transform 0ms;\\"></i>
      <div class=\\"example__icon-name\\">minus-circle</div>
    </div>
    <div data-clipboard-text=\\"minus-circle-outline\\" class=\\"example__icon var-elevation--2\\" style=\\"background: rgb(255, 255, 255);\\"><i class=\\"var-icon var-icon--set var-icon-minus-circle-outline\\" style=\\"transition: transform 0ms;\\"></i>
      <div class=\\"example__icon-name\\">minus-circle-outline</div>
    </div>
    <div data-clipboard-text=\\"star\\" class=\\"example__icon var-elevation--2\\" style=\\"background: rgb(255, 255, 255);\\"><i class=\\"var-icon var-icon--set var-icon-star\\" style=\\"transition: transform 0ms;\\"></i>
      <div class=\\"example__icon-name\\">star</div>
    </div>
    <div data-clipboard-text=\\"star-half-full\\" class=\\"example__icon var-elevation--2\\" style=\\"background: rgb(255, 255, 255);\\"><i class=\\"var-icon var-icon--set var-icon-star-half-full\\" style=\\"transition: transform 0ms;\\"></i>
      <div class=\\"example__icon-name\\">star-half-full</div>
    </div>
    <div data-clipboard-text=\\"star-outline\\" class=\\"example__icon var-elevation--2\\" style=\\"background: rgb(255, 255, 255);\\"><i class=\\"var-icon var-icon--set var-icon-star-outline\\" style=\\"transition: transform 0ms;\\"></i>
      <div class=\\"example__icon-name\\">star-outline</div>
    </div>
    <div data-clipboard-text=\\"heart\\" class=\\"example__icon var-elevation--2\\" style=\\"background: rgb(255, 255, 255);\\"><i class=\\"var-icon var-icon--set var-icon-heart\\" style=\\"transition: transform 0ms;\\"></i>
      <div class=\\"example__icon-name\\">heart</div>
    </div>
    <div data-clipboard-text=\\"heart-half-full\\" class=\\"example__icon var-elevation--2\\" style=\\"background: rgb(255, 255, 255);\\"><i class=\\"var-icon var-icon--set var-icon-heart-half-full\\" style=\\"transition: transform 0ms;\\"></i>
      <div class=\\"example__icon-name\\">heart-half-full</div>
    </div>
    <div data-clipboard-text=\\"heart-outline\\" class=\\"example__icon var-elevation--2\\" style=\\"background: rgb(255, 255, 255);\\"><i class=\\"var-icon var-icon--set var-icon-heart-outline\\" style=\\"transition: transform 0ms;\\"></i>
      <div class=\\"example__icon-name\\">heart-outline</div>
    </div>
    <div data-clipboard-text=\\"delete\\" class=\\"example__icon var-elevation--2\\" style=\\"background: rgb(255, 255, 255);\\"><i class=\\"var-icon var-icon--set var-icon-delete\\" style=\\"transition: transform 0ms;\\"></i>
      <div class=\\"example__icon-name\\">delete</div>
    </div>
    <div data-clipboard-text=\\"trash-can\\" class=\\"example__icon var-elevation--2\\" style=\\"background: rgb(255, 255, 255);\\"><i class=\\"var-icon var-icon--set var-icon-trash-can\\" style=\\"transition: transform 0ms;\\"></i>
      <div class=\\"example__icon-name\\">trash-can</div>
    </div>
    <div data-clipboard-text=\\"trash-can-outline\\" class=\\"example__icon var-elevation--2\\" style=\\"background: rgb(255, 255, 255);\\"><i class=\\"var-icon var-icon--set var-icon-trash-can-outline\\" style=\\"transition: transform 0ms;\\"></i>
      <div class=\\"example__icon-name\\">trash-can-outline</div>
    </div>
    <div data-clipboard-text=\\"minus-box\\" class=\\"example__icon var-elevation--2\\" style=\\"background: rgb(255, 255, 255);\\"><i class=\\"var-icon var-icon--set var-icon-minus-box\\" style=\\"transition: transform 0ms;\\"></i>
      <div class=\\"example__icon-name\\">minus-box</div>
    </div>
    <div data-clipboard-text=\\"minus-box-outline\\" class=\\"example__icon var-elevation--2\\" style=\\"background: rgb(255, 255, 255);\\"><i class=\\"var-icon var-icon--set var-icon-minus-box-outline\\" style=\\"transition: transform 0ms;\\"></i>
      <div class=\\"example__icon-name\\">minus-box-outline</div>
    </div>
    <div data-clipboard-text=\\"account-circle\\" class=\\"example__icon var-elevation--2\\" style=\\"background: rgb(255, 255, 255);\\"><i class=\\"var-icon var-icon--set var-icon-account-circle\\" style=\\"transition: transform 0ms;\\"></i>
      <div class=\\"example__icon-name\\">account-circle</div>
    </div>
    <div data-clipboard-text=\\"account-circle-outline\\" class=\\"example__icon var-elevation--2\\" style=\\"background: rgb(255, 255, 255);\\"><i class=\\"var-icon var-icon--set var-icon-account-circle-outline\\" style=\\"transition: transform 0ms;\\"></i>
      <div class=\\"example__icon-name\\">account-circle-outline</div>
    </div>
    <div data-clipboard-text=\\"cog\\" class=\\"example__icon var-elevation--2\\" style=\\"background: rgb(255, 255, 255);\\"><i class=\\"var-icon var-icon--set var-icon-cog\\" style=\\"transition: transform 0ms;\\"></i>
      <div class=\\"example__icon-name\\">cog</div>
    </div>
    <div data-clipboard-text=\\"cog-outline\\" class=\\"example__icon var-elevation--2\\" style=\\"background: rgb(255, 255, 255);\\"><i class=\\"var-icon var-icon--set var-icon-cog-outline\\" style=\\"transition: transform 0ms;\\"></i>
      <div class=\\"example__icon-name\\">cog-outline</div>
    </div>
    <div data-clipboard-text=\\"map-marker-radius\\" class=\\"example__icon var-elevation--2\\" style=\\"background: rgb(255, 255, 255);\\"><i class=\\"var-icon var-icon--set var-icon-map-marker-radius\\" style=\\"transition: transform 0ms;\\"></i>
      <div class=\\"example__icon-name\\">map-marker-radius</div>
    </div>
    <div data-clipboard-text=\\"map-marker-radius-outline\\" class=\\"example__icon var-elevation--2\\" style=\\"background: rgb(255, 255, 255);\\"><i class=\\"var-icon var-icon--set var-icon-map-marker-radius-outline\\" style=\\"transition: transform 0ms;\\"></i>
      <div class=\\"example__icon-name\\">map-marker-radius-outline</div>
    </div>
    <div data-clipboard-text=\\"camera\\" class=\\"example__icon var-elevation--2\\" style=\\"background: rgb(255, 255, 255);\\"><i class=\\"var-icon var-icon--set var-icon-camera\\" style=\\"transition: transform 0ms;\\"></i>
      <div class=\\"example__icon-name\\">camera</div>
    </div>
    <div data-clipboard-text=\\"camera-outline\\" class=\\"example__icon var-elevation--2\\" style=\\"background: rgb(255, 255, 255);\\"><i class=\\"var-icon var-icon--set var-icon-camera-outline\\" style=\\"transition: transform 0ms;\\"></i>
      <div class=\\"example__icon-name\\">camera-outline</div>
    </div>
    <div data-clipboard-text=\\"cart\\" class=\\"example__icon var-elevation--2\\" style=\\"background: rgb(255, 255, 255);\\"><i class=\\"var-icon var-icon--set var-icon-cart\\" style=\\"transition: transform 0ms;\\"></i>
      <div class=\\"example__icon-name\\">cart</div>
    </div>
    <div data-clipboard-text=\\"cart-outline\\" class=\\"example__icon var-elevation--2\\" style=\\"background: rgb(255, 255, 255);\\"><i class=\\"var-icon var-icon--set var-icon-cart-outline\\" style=\\"transition: transform 0ms;\\"></i>
      <div class=\\"example__icon-name\\">cart-outline</div>
    </div>
    <div data-clipboard-text=\\"phone\\" class=\\"example__icon var-elevation--2\\" style=\\"background: rgb(255, 255, 255);\\"><i class=\\"var-icon var-icon--set var-icon-phone\\" style=\\"transition: transform 0ms;\\"></i>
      <div class=\\"example__icon-name\\">phone</div>
    </div>
    <div data-clipboard-text=\\"phone-outline\\" class=\\"example__icon var-elevation--2\\" style=\\"background: rgb(255, 255, 255);\\"><i class=\\"var-icon var-icon--set var-icon-phone-outline\\" style=\\"transition: transform 0ms;\\"></i>
      <div class=\\"example__icon-name\\">phone-outline</div>
    </div>
    <div data-clipboard-text=\\"image\\" class=\\"example__icon var-elevation--2\\" style=\\"background: rgb(255, 255, 255);\\"><i class=\\"var-icon var-icon--set var-icon-image\\" style=\\"transition: transform 0ms;\\"></i>
      <div class=\\"example__icon-name\\">image</div>
    </div>
    <div data-clipboard-text=\\"image-outline\\" class=\\"example__icon var-elevation--2\\" style=\\"background: rgb(255, 255, 255);\\"><i class=\\"var-icon var-icon--set var-icon-image-outline\\" style=\\"transition: transform 0ms;\\"></i>
      <div class=\\"example__icon-name\\">image-outline</div>
    </div>
    <div data-clipboard-text=\\"bell\\" class=\\"example__icon var-elevation--2\\" style=\\"background: rgb(255, 255, 255);\\"><i class=\\"var-icon var-icon--set var-icon-bell\\" style=\\"transition: transform 0ms;\\"></i>
      <div class=\\"example__icon-name\\">bell</div>
    </div>
    <div data-clipboard-text=\\"bell-outline\\" class=\\"example__icon var-elevation--2\\" style=\\"background: rgb(255, 255, 255);\\"><i class=\\"var-icon var-icon--set var-icon-bell-outline\\" style=\\"transition: transform 0ms;\\"></i>
      <div class=\\"example__icon-name\\">bell-outline</div>
    </div>
    <div data-clipboard-text=\\"home\\" class=\\"example__icon var-elevation--2\\" style=\\"background: rgb(255, 255, 255);\\"><i class=\\"var-icon var-icon--set var-icon-home\\" style=\\"transition: transform 0ms;\\"></i>
      <div class=\\"example__icon-name\\">home</div>
    </div>
    <div data-clipboard-text=\\"home-outline\\" class=\\"example__icon var-elevation--2\\" style=\\"background: rgb(255, 255, 255);\\"><i class=\\"var-icon var-icon--set var-icon-home-outline\\" style=\\"transition: transform 0ms;\\"></i>
      <div class=\\"example__icon-name\\">home-outline</div>
    </div>
    <div data-clipboard-text=\\"map-marker\\" class=\\"example__icon var-elevation--2\\" style=\\"background: rgb(255, 255, 255);\\"><i class=\\"var-icon var-icon--set var-icon-map-marker\\" style=\\"transition: transform 0ms;\\"></i>
      <div class=\\"example__icon-name\\">map-marker</div>
    </div>
    <div data-clipboard-text=\\"map-marker-outline\\" class=\\"example__icon var-elevation--2\\" style=\\"background: rgb(255, 255, 255);\\"><i class=\\"var-icon var-icon--set var-icon-map-marker-outline\\" style=\\"transition: transform 0ms;\\"></i>
      <div class=\\"example__icon-name\\">map-marker-outline</div>
    </div>
    <div data-clipboard-text=\\"magnify-plus\\" class=\\"example__icon var-elevation--2\\" style=\\"background: rgb(255, 255, 255);\\"><i class=\\"var-icon var-icon--set var-icon-magnify-plus\\" style=\\"transition: transform 0ms;\\"></i>
      <div class=\\"example__icon-name\\">magnify-plus</div>
    </div>
    <div data-clipboard-text=\\"magnify-plus-outline\\" class=\\"example__icon var-elevation--2\\" style=\\"background: rgb(255, 255, 255);\\"><i class=\\"var-icon var-icon--set var-icon-magnify-plus-outline\\" style=\\"transition: transform 0ms;\\"></i>
      <div class=\\"example__icon-name\\">magnify-plus-outline</div>
    </div>
    <div data-clipboard-text=\\"magnify-minus\\" class=\\"example__icon var-elevation--2\\" style=\\"background: rgb(255, 255, 255);\\"><i class=\\"var-icon var-icon--set var-icon-magnify-minus\\" style=\\"transition: transform 0ms;\\"></i>
      <div class=\\"example__icon-name\\">magnify-minus</div>
    </div>
    <div data-clipboard-text=\\"magnify-minus-outline\\" class=\\"example__icon var-elevation--2\\" style=\\"background: rgb(255, 255, 255);\\"><i class=\\"var-icon var-icon--set var-icon-magnify-minus-outline\\" style=\\"transition: transform 0ms;\\"></i>
      <div class=\\"example__icon-name\\">magnify-minus-outline</div>
    </div>
    <div data-clipboard-text=\\"play-circle\\" class=\\"example__icon var-elevation--2\\" style=\\"background: rgb(255, 255, 255);\\"><i class=\\"var-icon var-icon--set var-icon-play-circle\\" style=\\"transition: transform 0ms;\\"></i>
      <div class=\\"example__icon-name\\">play-circle</div>
    </div>
    <div data-clipboard-text=\\"play-circle-outline\\" class=\\"example__icon var-elevation--2\\" style=\\"background: rgb(255, 255, 255);\\"><i class=\\"var-icon var-icon--set var-icon-play-circle-outline\\" style=\\"transition: transform 0ms;\\"></i>
      <div class=\\"example__icon-name\\">play-circle-outline</div>
    </div>
    <div data-clipboard-text=\\"help-circle\\" class=\\"example__icon var-elevation--2\\" style=\\"background: rgb(255, 255, 255);\\"><i class=\\"var-icon var-icon--set var-icon-help-circle\\" style=\\"transition: transform 0ms;\\"></i>
      <div class=\\"example__icon-name\\">help-circle</div>
    </div>
    <div data-clipboard-text=\\"help-circle-outline\\" class=\\"example__icon var-elevation--2\\" style=\\"background: rgb(255, 255, 255);\\"><i class=\\"var-icon var-icon--set var-icon-help-circle-outline\\" style=\\"transition: transform 0ms;\\"></i>
      <div class=\\"example__icon-name\\">help-circle-outline</div>
    </div>
    <div data-clipboard-text=\\"plus-circle\\" class=\\"example__icon var-elevation--2\\" style=\\"background: rgb(255, 255, 255);\\"><i class=\\"var-icon var-icon--set var-icon-plus-circle\\" style=\\"transition: transform 0ms;\\"></i>
      <div class=\\"example__icon-name\\">plus-circle</div>
    </div>
    <div data-clipboard-text=\\"plus-circle-outline\\" class=\\"example__icon var-elevation--2\\" style=\\"background: rgb(255, 255, 255);\\"><i class=\\"var-icon var-icon--set var-icon-plus-circle-outline\\" style=\\"transition: transform 0ms;\\"></i>
      <div class=\\"example__icon-name\\">plus-circle-outline</div>
    </div>
    <div data-clipboard-text=\\"check\\" class=\\"example__icon var-elevation--2\\" style=\\"background: rgb(255, 255, 255);\\"><i class=\\"var-icon var-icon--set var-icon-check\\" style=\\"transition: transform 0ms;\\"></i>
      <div class=\\"example__icon-name\\">check</div>
    </div>
    <div data-clipboard-text=\\"window-close\\" class=\\"example__icon var-elevation--2\\" style=\\"background: rgb(255, 255, 255);\\"><i class=\\"var-icon var-icon--set var-icon-window-close\\" style=\\"transition: transform 0ms;\\"></i>
      <div class=\\"example__icon-name\\">window-close</div>
    </div>
    <div data-clipboard-text=\\"plus\\" class=\\"example__icon var-elevation--2\\" style=\\"background: rgb(255, 255, 255);\\"><i class=\\"var-icon var-icon--set var-icon-plus\\" style=\\"transition: transform 0ms;\\"></i>
      <div class=\\"example__icon-name\\">plus</div>
    </div>
    <div data-clipboard-text=\\"minus\\" class=\\"example__icon var-elevation--2\\" style=\\"background: rgb(255, 255, 255);\\"><i class=\\"var-icon var-icon--set var-icon-minus\\" style=\\"transition: transform 0ms;\\"></i>
      <div class=\\"example__icon-name\\">minus</div>
    </div>
    <div data-clipboard-text=\\"chevron-up\\" class=\\"example__icon var-elevation--2\\" style=\\"background: rgb(255, 255, 255);\\"><i class=\\"var-icon var-icon--set var-icon-chevron-up\\" style=\\"transition: transform 0ms;\\"></i>
      <div class=\\"example__icon-name\\">chevron-up</div>
    </div>
    <div data-clipboard-text=\\"chevron-down\\" class=\\"example__icon var-elevation--2\\" style=\\"background: rgb(255, 255, 255);\\"><i class=\\"var-icon var-icon--set var-icon-chevron-down\\" style=\\"transition: transform 0ms;\\"></i>
      <div class=\\"example__icon-name\\">chevron-down</div>
    </div>
    <div data-clipboard-text=\\"chevron-left\\" class=\\"example__icon var-elevation--2\\" style=\\"background: rgb(255, 255, 255);\\"><i class=\\"var-icon var-icon--set var-icon-chevron-left\\" style=\\"transition: transform 0ms;\\"></i>
      <div class=\\"example__icon-name\\">chevron-left</div>
    </div>
    <div data-clipboard-text=\\"chevron-right\\" class=\\"example__icon var-elevation--2\\" style=\\"background: rgb(255, 255, 255);\\"><i class=\\"var-icon var-icon--set var-icon-chevron-right\\" style=\\"transition: transform 0ms;\\"></i>
      <div class=\\"example__icon-name\\">chevron-right</div>
    </div>
    <div data-clipboard-text=\\"menu-up\\" class=\\"example__icon var-elevation--2\\" style=\\"background: rgb(255, 255, 255);\\"><i class=\\"var-icon var-icon--set var-icon-menu-up\\" style=\\"transition: transform 0ms;\\"></i>
      <div class=\\"example__icon-name\\">menu-up</div>
    </div>
    <div data-clipboard-text=\\"menu-down\\" class=\\"example__icon var-elevation--2\\" style=\\"background: rgb(255, 255, 255);\\"><i class=\\"var-icon var-icon--set var-icon-menu-down\\" style=\\"transition: transform 0ms;\\"></i>
      <div class=\\"example__icon-name\\">menu-down</div>
    </div>
    <div data-clipboard-text=\\"menu-left\\" class=\\"example__icon var-elevation--2\\" style=\\"background: rgb(255, 255, 255);\\"><i class=\\"var-icon var-icon--set var-icon-menu-left\\" style=\\"transition: transform 0ms;\\"></i>
      <div class=\\"example__icon-name\\">menu-left</div>
    </div>
    <div data-clipboard-text=\\"menu-right\\" class=\\"example__icon var-elevation--2\\" style=\\"background: rgb(255, 255, 255);\\"><i class=\\"var-icon var-icon--set var-icon-menu-right\\" style=\\"transition: transform 0ms;\\"></i>
      <div class=\\"example__icon-name\\">menu-right</div>
    </div>
    <div data-clipboard-text=\\"upload\\" class=\\"example__icon var-elevation--2\\" style=\\"background: rgb(255, 255, 255);\\"><i class=\\"var-icon var-icon--set var-icon-upload\\" style=\\"transition: transform 0ms;\\"></i>
      <div class=\\"example__icon-name\\">upload</div>
    </div>
    <div data-clipboard-text=\\"download\\" class=\\"example__icon var-elevation--2\\" style=\\"background: rgb(255, 255, 255);\\"><i class=\\"var-icon var-icon--set var-icon-download\\" style=\\"transition: transform 0ms;\\"></i>
      <div class=\\"example__icon-name\\">download</div>
    </div>
    <div data-clipboard-text=\\"format-list-checkbox\\" class=\\"example__icon var-elevation--2\\" style=\\"background: rgb(255, 255, 255);\\"><i class=\\"var-icon var-icon--set var-icon-format-list-checkbox\\" style=\\"transition: transform 0ms;\\"></i>
      <div class=\\"example__icon-name\\">format-list-checkbox</div>
    </div>
    <div data-clipboard-text=\\"menu\\" class=\\"example__icon var-elevation--2\\" style=\\"background: rgb(255, 255, 255);\\"><i class=\\"var-icon var-icon--set var-icon-menu\\" style=\\"transition: transform 0ms;\\"></i>
      <div class=\\"example__icon-name\\">menu</div>
    </div>
    <div data-clipboard-text=\\"menu-open\\" class=\\"example__icon var-elevation--2\\" style=\\"background: rgb(255, 255, 255);\\"><i class=\\"var-icon var-icon--set var-icon-menu-open\\" style=\\"transition: transform 0ms;\\"></i>
      <div class=\\"example__icon-name\\">menu-open</div>
    </div>
    <div data-clipboard-text=\\"dots-vertical\\" class=\\"example__icon var-elevation--2\\" style=\\"background: rgb(255, 255, 255);\\"><i class=\\"var-icon var-icon--set var-icon-dots-vertical\\" style=\\"transition: transform 0ms;\\"></i>
      <div class=\\"example__icon-name\\">dots-vertical</div>
    </div>
    <div data-clipboard-text=\\"message-text-outline\\" class=\\"example__icon var-elevation--2\\" style=\\"background: rgb(255, 255, 255);\\"><i class=\\"var-icon var-icon--set var-icon-message-text-outline\\" style=\\"transition: transform 0ms;\\"></i>
      <div class=\\"example__icon-name\\">message-text-outline</div>
    </div>
    <div data-clipboard-text=\\"message-processing-outline\\" class=\\"example__icon var-elevation--2\\" style=\\"background: rgb(255, 255, 255);\\"><i class=\\"var-icon var-icon--set var-icon-message-processing-outline\\" style=\\"transition: transform 0ms;\\"></i>
      <div class=\\"example__icon-name\\">message-processing-outline</div>
    </div>
    <div data-clipboard-text=\\"white-balance-sunny\\" class=\\"example__icon var-elevation--2\\" style=\\"background: rgb(255, 255, 255);\\"><i class=\\"var-icon var-icon--set var-icon-white-balance-sunny\\" style=\\"transition: transform 0ms;\\"></i>
      <div class=\\"example__icon-name\\">white-balance-sunny</div>
    </div>
    <div data-clipboard-text=\\"weather-cloudy\\" class=\\"example__icon var-elevation--2\\" style=\\"background: rgb(255, 255, 255);\\"><i class=\\"var-icon var-icon--set var-icon-weather-cloudy\\" style=\\"transition: transform 0ms;\\"></i>
      <div class=\\"example__icon-name\\">weather-cloudy</div>
    </div>
    <div data-clipboard-text=\\"weather-lightning\\" class=\\"example__icon var-elevation--2\\" style=\\"background: rgb(255, 255, 255);\\"><i class=\\"var-icon var-icon--set var-icon-weather-lightning\\" style=\\"transition: transform 0ms;\\"></i>
      <div class=\\"example__icon-name\\">weather-lightning</div>
    </div>
    <div data-clipboard-text=\\"weather-pouring\\" class=\\"example__icon var-elevation--2\\" style=\\"background: rgb(255, 255, 255);\\"><i class=\\"var-icon var-icon--set var-icon-weather-pouring\\" style=\\"transition: transform 0ms;\\"></i>
      <div class=\\"example__icon-name\\">weather-pouring</div>
    </div>
    <div data-clipboard-text=\\"weather-snowy\\" class=\\"example__icon var-elevation--2\\" style=\\"background: rgb(255, 255, 255);\\"><i class=\\"var-icon var-icon--set var-icon-weather-snowy\\" style=\\"transition: transform 0ms;\\"></i>
      <div class=\\"example__icon-name\\">weather-snowy</div>
    </div>
    <div data-clipboard-text=\\"weather-rainy\\" class=\\"example__icon var-elevation--2\\" style=\\"background: rgb(255, 255, 255);\\"><i class=\\"var-icon var-icon--set var-icon-weather-rainy\\" style=\\"transition: transform 0ms;\\"></i>
      <div class=\\"example__icon-name\\">weather-rainy</div>
    </div>
    <div data-clipboard-text=\\"translate\\" class=\\"example__icon var-elevation--2\\" style=\\"background: rgb(255, 255, 255);\\"><i class=\\"var-icon var-icon--set var-icon-translate\\" style=\\"transition: transform 0ms;\\"></i>
      <div class=\\"example__icon-name\\">translate</div>
    </div>
    <div data-clipboard-text=\\"magnify\\" class=\\"example__icon var-elevation--2\\" style=\\"background: rgb(255, 255, 255);\\"><i class=\\"var-icon var-icon--set var-icon-magnify\\" style=\\"transition: transform 0ms;\\"></i>
      <div class=\\"example__icon-name\\">magnify</div>
    </div>
    <div data-clipboard-text=\\"github\\" class=\\"example__icon var-elevation--2\\" style=\\"background: rgb(255, 255, 255);\\"><i class=\\"var-icon var-icon--set var-icon-github\\" style=\\"transition: transform 0ms;\\"></i>
      <div class=\\"example__icon-name\\">github</div>
    </div>
    <div data-clipboard-text=\\"refresh\\" class=\\"example__icon var-elevation--2\\" style=\\"background: rgb(255, 255, 255);\\"><i class=\\"var-icon var-icon--set var-icon-refresh\\" style=\\"transition: transform 0ms;\\"></i>
      <div class=\\"example__icon-name\\">refresh</div>
    </div>
    <div data-clipboard-text=\\"arrow-down\\" class=\\"example__icon var-elevation--2\\" style=\\"background: rgb(255, 255, 255);\\"><i class=\\"var-icon var-icon--set var-icon-arrow-down\\" style=\\"transition: transform 0ms;\\"></i>
      <div class=\\"example__icon-name\\">arrow-down</div>
    </div>
    <div data-clipboard-text=\\"power\\" class=\\"example__icon var-elevation--2\\" style=\\"background: rgb(255, 255, 255);\\"><i class=\\"var-icon var-icon--set var-icon-power\\" style=\\"transition: transform 0ms;\\"></i>
      <div class=\\"example__icon-name\\">power</div>
    </div>
    <div data-clipboard-text=\\"file-document-outline\\" class=\\"example__icon var-elevation--2\\" style=\\"background: rgb(255, 255, 255);\\"><i class=\\"var-icon var-icon--set var-icon-file-document-outline\\" style=\\"transition: transform 0ms;\\"></i>
      <div class=\\"example__icon-name\\">file-document-outline</div>
    </div>
    <div data-clipboard-text=\\"fire\\" class=\\"example__icon var-elevation--2\\" style=\\"background: rgb(255, 255, 255);\\"><i class=\\"var-icon var-icon--set var-icon-fire\\" style=\\"transition: transform 0ms;\\"></i>
      <div class=\\"example__icon-name\\">fire</div>
    </div>
    <div data-clipboard-text=\\"wifi\\" class=\\"example__icon var-elevation--2\\" style=\\"background: rgb(255, 255, 255);\\"><i class=\\"var-icon var-icon--set var-icon-wifi\\" style=\\"transition: transform 0ms;\\"></i>
      <div class=\\"example__icon-name\\">wifi</div>
    </div>
    <div data-clipboard-text=\\"wrench\\" class=\\"example__icon var-elevation--2\\" style=\\"background: rgb(255, 255, 255);\\"><i class=\\"var-icon var-icon--set var-icon-wrench\\" style=\\"transition: transform 0ms;\\"></i>
      <div class=\\"example__icon-name\\">wrench</div>
    </div>
    <div data-clipboard-text=\\"cake-variant\\" class=\\"example__icon var-elevation--2\\" style=\\"background: rgb(255, 255, 255);\\"><i class=\\"var-icon var-icon--set var-icon-cake-variant\\" style=\\"transition: transform 0ms;\\"></i>
      <div class=\\"example__icon-name\\">cake-variant</div>
    </div>
    <div data-clipboard-text=\\"notebook\\" class=\\"example__icon var-elevation--2\\" style=\\"background: rgb(255, 255, 255);\\"><i class=\\"var-icon var-icon--set var-icon-notebook\\" style=\\"transition: transform 0ms;\\"></i>
      <div class=\\"example__icon-name\\">notebook</div>
    </div>
    <div data-clipboard-text=\\"cellphone\\" class=\\"example__icon var-elevation--2\\" style=\\"background: rgb(255, 255, 255);\\"><i class=\\"var-icon var-icon--set var-icon-cellphone\\" style=\\"transition: transform 0ms;\\"></i>
      <div class=\\"example__icon-name\\">cellphone</div>
    </div>
    <div data-clipboard-text=\\"weather-night\\" class=\\"example__icon var-elevation--2\\" style=\\"background: rgb(255, 255, 255);\\"><i class=\\"var-icon var-icon--set var-icon-weather-night\\" style=\\"transition: transform 0ms;\\"></i>
      <div class=\\"example__icon-name\\">weather-night</div>
    </div>
    <div data-clipboard-text=\\"xml\\" class=\\"example__icon var-elevation--2\\" style=\\"background: rgb(255, 255, 255);\\"><i class=\\"var-icon var-icon--set var-icon-xml\\" style=\\"transition: transform 0ms;\\"></i>
      <div class=\\"example__icon-name\\">xml</div>
    </div>
    <div data-clipboard-text=\\"content-copy\\" class=\\"example__icon var-elevation--2\\" style=\\"background: rgb(255, 255, 255);\\"><i class=\\"var-icon var-icon--set var-icon-content-copy\\" style=\\"transition: transform 0ms;\\"></i>
      <div class=\\"example__icon-name\\">content-copy</div>
    </div>
    <div data-clipboard-text=\\"qrcode-scan\\" class=\\"example__icon var-elevation--2\\" style=\\"background: rgb(255, 255, 255);\\"><i class=\\"var-icon var-icon--set var-icon-qrcode-scan\\" style=\\"transition: transform 0ms;\\"></i>
      <div class=\\"example__icon-name\\">qrcode-scan</div>
    </div>
    <div data-clipboard-text=\\"barcode-scan\\" class=\\"example__icon var-elevation--2\\" style=\\"background: rgb(255, 255, 255);\\"><i class=\\"var-icon var-icon--set var-icon-barcode-scan\\" style=\\"transition: transform 0ms;\\"></i>
      <div class=\\"example__icon-name\\">barcode-scan</div>
    </div>
    <div data-clipboard-text=\\"shopping\\" class=\\"example__icon var-elevation--2\\" style=\\"background: rgb(255, 255, 255);\\"><i class=\\"var-icon var-icon--set var-icon-shopping\\" style=\\"transition: transform 0ms;\\"></i>
      <div class=\\"example__icon-name\\">shopping</div>
    </div>
    <div data-clipboard-text=\\"shopping-outline\\" class=\\"example__icon var-elevation--2\\" style=\\"background: rgb(255, 255, 255);\\"><i class=\\"var-icon var-icon--set var-icon-shopping-outline\\" style=\\"transition: transform 0ms;\\"></i>
      <div class=\\"example__icon-name\\">shopping-outline</div>
    </div>
    <div data-clipboard-text=\\"card-account-details\\" class=\\"example__icon var-elevation--2\\" style=\\"background: rgb(255, 255, 255);\\"><i class=\\"var-icon var-icon--set var-icon-card-account-details\\" style=\\"transition: transform 0ms;\\"></i>
      <div class=\\"example__icon-name\\">card-account-details</div>
    </div>
    <div data-clipboard-text=\\"card-account-details-outline\\" class=\\"example__icon var-elevation--2\\" style=\\"background: rgb(255, 255, 255);\\"><i class=\\"var-icon var-icon--set var-icon-card-account-details-outline\\" style=\\"transition: transform 0ms;\\"></i>
      <div class=\\"example__icon-name\\">card-account-details-outline</div>
    </div>
    <div data-clipboard-text=\\"pin\\" class=\\"example__icon var-elevation--2\\" style=\\"background: rgb(255, 255, 255);\\"><i class=\\"var-icon var-icon--set var-icon-pin\\" style=\\"transition: transform 0ms;\\"></i>
      <div class=\\"example__icon-name\\">pin</div>
    </div>
    <div data-clipboard-text=\\"pin-off\\" class=\\"example__icon var-elevation--2\\" style=\\"background: rgb(255, 255, 255);\\"><i class=\\"var-icon var-icon--set var-icon-pin-off\\" style=\\"transition: transform 0ms;\\"></i>
      <div class=\\"example__icon-name\\">pin-off</div>
    </div>
    <div data-clipboard-text=\\"pin-outline\\" class=\\"example__icon var-elevation--2\\" style=\\"background: rgb(255, 255, 255);\\"><i class=\\"var-icon var-icon--set var-icon-pin-outline\\" style=\\"transition: transform 0ms;\\"></i>
      <div class=\\"example__icon-name\\">pin-outline</div>
    </div>
    <div data-clipboard-text=\\"pin-off-outline\\" class=\\"example__icon var-elevation--2\\" style=\\"background: rgb(255, 255, 255);\\"><i class=\\"var-icon var-icon--set var-icon-pin-off-outline\\" style=\\"transition: transform 0ms;\\"></i>
      <div class=\\"example__icon-name\\">pin-off-outline</div>
    </div>
    <div data-clipboard-text=\\"code-json\\" class=\\"example__icon var-elevation--2\\" style=\\"background: rgb(255, 255, 255);\\"><i class=\\"var-icon var-icon--set var-icon-code-json\\" style=\\"transition: transform 0ms;\\"></i>
      <div class=\\"example__icon-name\\">code-json</div>
    </div>
  </div>
</div>"
`;

exports[`test icon namespace 1`] = `"<i class=\\"var-icon custom-icon--set custom-icon-check\\" style=\\"transition: transform 0ms;\\"></i>"`;

exports[`test icon styles 1`] = `"<i class=\\"var-icon var-icon--set var-icon-check\\" style=\\"color: rgb(0, 0, 0); transition: transform 0ms; font-size: 36px;\\"></i>"`;
